../Middlewares/Third_Party/RTT/SEGGER_RTT.c:515:17:_GetAvailWriteSpace	0	static
../Middlewares/Third_Party/RTT/SEGGER_RTT.c:425:13:_WriteNoCheck	24	static,ignoring_inline_asm
../Middlewares/Third_Party/RTT/SEGGER_RTT.c:363:17:_WriteBlocking	32	static,ignoring_inline_asm
../Middlewares/Third_Party/RTT/SEGGER_RTT.c:303:13:_DoInit	8	static,ignoring_inline_asm
../Middlewares/Third_Party/RTT/SEGGER_RTT.c:493:13:_PostTerminalSwitch.constprop	16	static
../Middlewares/Third_Party/RTT/SEGGER_RTT.c:562:10:SEGGER_RTT_ReadUpBufferNoLock	40	static
../Middlewares/Third_Party/RTT/SEGGER_RTT.c:654:10:SEGGER_RTT_ReadNoLock	40	static
../Middlewares/Third_Party/RTT/SEGGER_RTT.c:751:10:SEGGER_RTT_ReadUpBuffer	8	static,ignoring_inline_asm
../Middlewares/Third_Party/RTT/SEGGER_RTT.c:783:10:SEGGER_RTT_Read	8	static,ignoring_inline_asm
../Middlewares/Third_Party/RTT/SEGGER_RTT.c:822:6:SEGGER_RTT_WriteWithOverwriteNoLock	40	static,ignoring_inline_asm
../Middlewares/Third_Party/RTT/SEGGER_RTT.c:1014:10:SEGGER_RTT_WriteDownBufferNoLock	16	static
../Middlewares/Third_Party/RTT/SEGGER_RTT.c:1089:10:SEGGER_RTT_WriteNoLock	24	static
../Middlewares/Third_Party/RTT/SEGGER_RTT.c:1165:10:SEGGER_RTT_WriteDownBuffer	24	static,ignoring_inline_asm
../Middlewares/Third_Party/RTT/SEGGER_RTT.c:1194:10:SEGGER_RTT_Write	24	static,ignoring_inline_asm
../Middlewares/Third_Party/RTT/SEGGER_RTT.c:1224:10:SEGGER_RTT_WriteString	16	static
../Middlewares/Third_Party/RTT/SEGGER_RTT.c:1254:10:SEGGER_RTT_PutCharSkipNoLock	20	static,ignoring_inline_asm
../Middlewares/Third_Party/RTT/SEGGER_RTT.c:1304:10:SEGGER_RTT_PutCharSkip	24	static,ignoring_inline_asm
../Middlewares/Third_Party/RTT/SEGGER_RTT.c:1363:10:SEGGER_RTT_PutChar	24	static,ignoring_inline_asm
../Middlewares/Third_Party/RTT/SEGGER_RTT.c:1426:5:SEGGER_RTT_GetKey	16	static
../Middlewares/Third_Party/RTT/SEGGER_RTT.c:1454:5:SEGGER_RTT_WaitKey	8	static
../Middlewares/Third_Party/RTT/SEGGER_RTT.c:1477:5:SEGGER_RTT_HasKey	8	static
../Middlewares/Third_Party/RTT/SEGGER_RTT.c:1505:10:SEGGER_RTT_HasData	0	static
../Middlewares/Third_Party/RTT/SEGGER_RTT.c:1526:10:SEGGER_RTT_HasDataUp	0	static
../Middlewares/Third_Party/RTT/SEGGER_RTT.c:1555:5:SEGGER_RTT_AllocDownBuffer	24	static,ignoring_inline_asm
../Middlewares/Third_Party/RTT/SEGGER_RTT.c:1604:5:SEGGER_RTT_AllocUpBuffer	24	static,ignoring_inline_asm
../Middlewares/Third_Party/RTT/SEGGER_RTT.c:1659:5:SEGGER_RTT_ConfigUpBuffer	24	static,ignoring_inline_asm
../Middlewares/Third_Party/RTT/SEGGER_RTT.c:1711:5:SEGGER_RTT_ConfigDownBuffer	32	static,ignoring_inline_asm
../Middlewares/Third_Party/RTT/SEGGER_RTT.c:1754:5:SEGGER_RTT_SetNameUpBuffer	16	static,ignoring_inline_asm
../Middlewares/Third_Party/RTT/SEGGER_RTT.c:1789:5:SEGGER_RTT_SetNameDownBuffer	16	static,ignoring_inline_asm
../Middlewares/Third_Party/RTT/SEGGER_RTT.c:1825:5:SEGGER_RTT_SetFlagsUpBuffer	16	static,ignoring_inline_asm
../Middlewares/Third_Party/RTT/SEGGER_RTT.c:1861:5:SEGGER_RTT_SetFlagsDownBuffer	16	static,ignoring_inline_asm
../Middlewares/Third_Party/RTT/SEGGER_RTT.c:1889:6:SEGGER_RTT_Init	0	static
../Middlewares/Third_Party/RTT/SEGGER_RTT.c:1910:5:SEGGER_RTT_SetTerminal	24	static,ignoring_inline_asm
../Middlewares/Third_Party/RTT/SEGGER_RTT.c:1959:5:SEGGER_RTT_TerminalOut	32	static,ignoring_inline_asm
../Middlewares/Third_Party/RTT/SEGGER_RTT.c:2047:10:SEGGER_RTT_GetAvailWriteSpace	0	static
../Middlewares/Third_Party/RTT/SEGGER_RTT.c:2068:10:SEGGER_RTT_GetBytesInBuffer	0	static
