../Drivers/STM32H7xx_HAL_Driver/Src/stm32h7xx_hal_i2s.c:2601:26:I2S_WaitFlagStateUntilTimeout.constprop	24	static
../Drivers/STM32H7xx_HAL_Driver/Src/stm32h7xx_hal_i2s.c:512:13:HAL_I2S_MspInit	0	static
../Drivers/STM32H7xx_HAL_Driver/Src/stm32h7xx_hal_i2s.c:267:19:HAL_I2S_Init	16	static
../Drivers/STM32H7xx_HAL_Driver/Src/stm32h7xx_hal_i2s.c:528:13:HAL_I2S_MspDeInit	0	static
../Drivers/STM32H7xx_HAL_Driver/Src/stm32h7xx_hal_i2s.c:468:19:HAL_I2S_DeInit	8	static
../Drivers/STM32H7xx_HAL_Driver/Src/stm32h7xx_hal_i2s.c:807:19:HAL_I2S_Transmit	32	static
../Drivers/STM32H7xx_HAL_Driver/Src/stm32h7xx_hal_i2s.c:928:19:HAL_I2S_Receive	32	static
../Drivers/STM32H7xx_HAL_Driver/Src/stm32h7xx_hal_i2s.c:1038:19:HAL_I2SEx_TransmitReceive	32	static
../Drivers/STM32H7xx_HAL_Driver/Src/stm32h7xx_hal_i2s.c:1187:19:HAL_I2S_Transmit_IT	8	static
../Drivers/STM32H7xx_HAL_Driver/Src/stm32h7xx_hal_i2s.c:1263:19:HAL_I2S_Receive_IT	8	static
../Drivers/STM32H7xx_HAL_Driver/Src/stm32h7xx_hal_i2s.c:1337:19:HAL_I2SEx_TransmitReceive_IT	12	static
../Drivers/STM32H7xx_HAL_Driver/Src/stm32h7xx_hal_i2s.c:1415:19:HAL_I2S_Transmit_DMA	16	static
../Drivers/STM32H7xx_HAL_Driver/Src/stm32h7xx_hal_i2s.c:1501:19:HAL_I2S_Receive_DMA	16	static
../Drivers/STM32H7xx_HAL_Driver/Src/stm32h7xx_hal_i2s.c:1588:19:HAL_I2SEx_TransmitReceive_DMA	16	static
../Drivers/STM32H7xx_HAL_Driver/Src/stm32h7xx_hal_i2s.c:1688:19:HAL_I2S_DMAPause	16	static
../Drivers/STM32H7xx_HAL_Driver/Src/stm32h7xx_hal_i2s.c:1760:19:HAL_I2S_DMAResume	0	static
../Drivers/STM32H7xx_HAL_Driver/Src/stm32h7xx_hal_i2s.c:1795:19:HAL_I2S_DMAStop	16	static
../Drivers/STM32H7xx_HAL_Driver/Src/stm32h7xx_hal_i2s.c:1847:19:HAL_I2S_EnableIOSwap	0	static
../Drivers/STM32H7xx_HAL_Driver/Src/stm32h7xx_hal_i2s.c:1889:19:HAL_I2S_DisableIOSwap	0	static
../Drivers/STM32H7xx_HAL_Driver/Src/stm32h7xx_hal_i2s.c:1928:10:HAL_I2S_IsEnabledIOSwap	0	static
../Drivers/STM32H7xx_HAL_Driver/Src/stm32h7xx_hal_i2s.c:2086:13:HAL_I2S_TxHalfCpltCallback	0	static
../Drivers/STM32H7xx_HAL_Driver/Src/stm32h7xx_hal_i2s.c:2277:13:I2S_DMATxHalfCplt	8	static
../Drivers/STM32H7xx_HAL_Driver/Src/stm32h7xx_hal_i2s.c:2102:13:HAL_I2S_TxCpltCallback	0	static
../Drivers/STM32H7xx_HAL_Driver/Src/stm32h7xx_hal_i2s.c:2459:13:I2S_Transmit_32Bit_IT	8	static
../Drivers/STM32H7xx_HAL_Driver/Src/stm32h7xx_hal_i2s.c:2249:13:I2S_DMATxCplt	8	static
../Drivers/STM32H7xx_HAL_Driver/Src/stm32h7xx_hal_i2s.c:2421:13:I2S_Transmit_16Bit_IT	8	static
../Drivers/STM32H7xx_HAL_Driver/Src/stm32h7xx_hal_i2s.c:2118:13:HAL_I2S_RxHalfCpltCallback	0	static
../Drivers/STM32H7xx_HAL_Driver/Src/stm32h7xx_hal_i2s.c:2323:13:I2S_DMARxHalfCplt	8	static
../Drivers/STM32H7xx_HAL_Driver/Src/stm32h7xx_hal_i2s.c:2134:13:HAL_I2S_RxCpltCallback	0	static
../Drivers/STM32H7xx_HAL_Driver/Src/stm32h7xx_hal_i2s.c:2296:13:I2S_DMARxCplt	8	static
../Drivers/STM32H7xx_HAL_Driver/Src/stm32h7xx_hal_i2s.c:2150:13:HAL_I2SEx_TxRxHalfCpltCallback	0	static
../Drivers/STM32H7xx_HAL_Driver/Src/stm32h7xx_hal_i2s.c:2375:13:I2SEx_DMATxRxHalfCplt	8	static
../Drivers/STM32H7xx_HAL_Driver/Src/stm32h7xx_hal_i2s.c:2166:13:HAL_I2SEx_TxRxCpltCallback	0	static
../Drivers/STM32H7xx_HAL_Driver/Src/stm32h7xx_hal_i2s.c:2491:13:I2S_Receive_16Bit_IT	8	static
../Drivers/STM32H7xx_HAL_Driver/Src/stm32h7xx_hal_i2s.c:2547:13:I2S_Receive_32Bit_IT	8	static
../Drivers/STM32H7xx_HAL_Driver/Src/stm32h7xx_hal_i2s.c:2342:13:I2SEx_DMATxRxCplt	8	static
../Drivers/STM32H7xx_HAL_Driver/Src/stm32h7xx_hal_i2s.c:2182:13:HAL_I2S_ErrorCallback	0	static
../Drivers/STM32H7xx_HAL_Driver/Src/stm32h7xx_hal_i2s.c:2393:13:I2S_DMAError	8	static
../Drivers/STM32H7xx_HAL_Driver/Src/stm32h7xx_hal_i2s.c:1945:6:HAL_I2S_IRQHandler	16	static
../Drivers/STM32H7xx_HAL_Driver/Src/stm32h7xx_hal_i2s.c:2217:22:HAL_I2S_GetState	0	static
../Drivers/STM32H7xx_HAL_Driver/Src/stm32h7xx_hal_i2s.c:2228:10:HAL_I2S_GetError	0	static
