../X-CUBE-AI/App/aiPbIO.c:53:13:write_packet	8	static
../X-CUBE-AI/App/aiPbIO.c:57:6:pb_io_flush_ostream	8	static
../X-CUBE-AI/App/aiPbIO.c:64:13:write_callback	32	static
../X-CUBE-AI/App/aiPbIO.c:96:13:read_packet	16	static
../X-CUBE-AI/App/aiPbIO.c:103:6:pb_io_flush_istream	4	static
../X-CUBE-AI/App/aiPbIO.c:109:13:read_callback	40	static
../X-CUBE-AI/App/aiPbIO.c:142:14:pb_io_ostream	32	static
../X-CUBE-AI/App/aiPbIO.c:152:14:pb_io_istream	32	static
../X-CUBE-AI/App/aiPbIO.c:162:5:pb_io_stream_init	8	static
