../X-CUBE-AI/App/ai_device_adaptor.h:535:22:port_io_get	24	static
../X-CUBE-AI/App/ai_device_adaptor.h:550:22:port_io_write	24	static
../X-CUBE-AI/App/ai_device_adaptor.h:559:22:port_io_read	24	static
../X-CUBE-AI/App/aiTestUtility.c:142:6:ioRawGetUint8	16	static
../X-CUBE-AI/App/aiTestUtility.c:199:6:ioRawWriteBuffer	16	static
../X-CUBE-AI/App/aiTestUtility.c:204:6:ioRawReadBuffer	16	static
../X-CUBE-AI/App/aiTestUtility.c:209:6:ioRawDisableLLWrite	4	static
../X-CUBE-AI/App/aiTestUtility.c:222:5:_write	32	static
../X-CUBE-AI/App/aiTestUtility.c:320:7:uint64ToDecimal	32	static
../X-CUBE-AI/App/aiTestUtility.c:333:6:uint32_to_str	32	static
../X-CUBE-AI/App/aiTestUtility.c:357:13:_put_c_driver	16	static
../X-CUBE-AI/App/aiTestUtility.c:372:6:lc_print	16	static
../X-CUBE-AI/App/aiTestUtility.c:386:13:_put_c_buffer_cb	24	static
../X-CUBE-AI/App/aiTestUtility.c:396:8:lc_vsnprint	40	static
../X-CUBE-AI/App/aiTestUtility.c:420:7:__wrap_malloc	24	static
../X-CUBE-AI/App/aiTestUtility.c:460:6:__wrap_free	24	static
../X-CUBE-AI/App/aiTestUtility.c:515:6:stackMonInit	24	static
../X-CUBE-AI/App/aiTestUtility.c:561:5:dwtCyclesToTime	216	static
../X-CUBE-AI/App/aiTestUtility.c:578:7:dwtCyclesToFloatMs	24	static
../X-CUBE-AI/App/aiTestUtility.c:586:20:devIdToStr	24	static
../X-CUBE-AI/App/aiTestUtility.c:679:29:bitToStr	16	static
../X-CUBE-AI/App/aiTestUtility.c:689:6:getSysConf	16	static
../X-CUBE-AI/App/aiTestUtility.c:745:10:getFlashCacheConf	24	static
../X-CUBE-AI/App/aiTestUtility.c:856:6:systemSettingLog	48	static
