../X-CUBE-AI/App/aiTestUtility.h:152:20:_mon_alloc_reset	8	static
../X-CUBE-AI/App/aiTestUtility.h:321:22:cyclesCounterInit	40	static
../X-CUBE-AI/App/aiTestUtility.h:357:22:cyclesCounterStart	8	static
../X-CUBE-AI/App/aiTestUtility.h:374:26:cyclesCounterEnd	80	static
../X-CUBE-AI/App/aiValidation.c:148:15:_get_buffer_size	24	static
../X-CUBE-AI/App/aiValidation.c:154:15:_get_buffer_element_size	24	static
../X-CUBE-AI/App/aiValidation.c:160:15:_get_element_size	24	static
../X-CUBE-AI/App/aiValidation.c:170:17:_ai_version_to_uint32	16	static
../X-CUBE-AI/App/aiValidation.c:190:17:_shape_to_n_dims	24	static
../X-CUBE-AI/App/aiValidation.c:203:13:fill_tensor_desc_msg	40	static
../X-CUBE-AI/App/aiValidation.c:235:13:encode_ai_buffer_to_tensor_desc	40	static
../X-CUBE-AI/App/aiValidation.c:245:13:encode_mempool_to_tensor_desc	32	static
../X-CUBE-AI/App/aiValidation.c:271:17:_stai_compiler_id_to	16	static
../X-CUBE-AI/App/aiValidation.c:297:13:send_model_info	184	static
../X-CUBE-AI/App/aiValidation.c:381:13:receive_ai_data	72	static
../X-CUBE-AI/App/aiValidation.c:426:13:send_ai_io_tensor	72	static
../X-CUBE-AI/App/aiValidation.c:477:6:_print_debug	28	static
../X-CUBE-AI/App/aiValidation.c:549:15:aiOnExecNode_cb	168	static
../X-CUBE-AI/App/aiValidation.c:628:17:aiObserverAdjustInferenceTime	48	static
../X-CUBE-AI/App/aiValidation.c:647:12:aiObserverConfig	16	static
../X-CUBE-AI/App/aiValidation.c:673:12:aiObserverBind	96	static
../X-CUBE-AI/App/aiValidation.c:712:12:aiObserverUnbind	80	static
../X-CUBE-AI/App/aiValidation.c:738:36:aiExecCtx	32	static
../X-CUBE-AI/App/aiValidation.c:764:12:aiBootstrap	32	static
../X-CUBE-AI/App/aiValidation.c:828:12:aiInit	24	static
../X-CUBE-AI/App/aiValidation.c:859:13:aiDeInit	16	static
../X-CUBE-AI/App/aiValidation.c:885:6:aiPbCmdSysInfo	56	static
../X-CUBE-AI/App/aiValidation.c:916:6:aiPbCmdNNInfo	40	static
../X-CUBE-AI/App/aiValidation.c:932:13:_set_context	16	static
../X-CUBE-AI/App/aiValidation.c:956:6:aiPbCmdNNRun	160	static,ignoring_inline_asm
../X-CUBE-AI/App/aiValidation.c:1102:5:aiValidationInit	8	static
../X-CUBE-AI/App/aiValidation.c:1115:5:aiValidationProcess	16	static
../X-CUBE-AI/App/aiValidation.c:1149:6:aiValidationDeInit	8	static
