../X-CUBE-AI/App/app_x-cube-ai.c:59:6:MX_X_CUBE_AI_Init	8	static
../X-CUBE-AI/App/app_x-cube-ai.c:67:6:MX_X_CUBE_AI_Process	8	static
../X-CUBE-AI/App/app_x-cube-ai.c:104:9:ai_mnetwork_is_valid	24	static
../X-CUBE-AI/App/app_x-cube-ai.c:114:26:ai_mnetwork_handle	24	static
../X-CUBE-AI/App/app_x-cube-ai.c:126:6:ai_mnetwork_release_handle	24	static
../X-CUBE-AI/App/app_x-cube-ai.c:137:13:ai_mnetwork_find	24	static
../X-CUBE-AI/App/app_x-cube-ai.c:154:10:ai_mnetwork_create	48	static
../X-CUBE-AI/App/app_x-cube-ai.c:196:11:ai_mnetwork_destroy	24	static
../X-CUBE-AI/App/app_x-cube-ai.c:211:9:ai_mnetwork_get_report	24	static
../X-CUBE-AI/App/app_x-cube-ai.c:222:10:ai_mnetwork_get_error	24	static
../X-CUBE-AI/App/app_x-cube-ai.c:237:9:ai_mnetwork_init	80	static
../X-CUBE-AI/App/app_x-cube-ai.c:254:8:ai_mnetwork_run	32	static
../X-CUBE-AI/App/app_x-cube-ai.c:266:8:ai_mnetwork_forward	24	static
../X-CUBE-AI/App/app_x-cube-ai.c:277:6:ai_mnetwork_get_private_handle	40	static
